  0.00 'EE34 HAL terminal\r\n'
  0.00 '\r\nIf your brother is like you, better to marry a pig.\r\n> '
  2.46 'a'
  3.21 ' '
  4.47 'a'
  5.22 ' '
  6.48 'a'
  7.23 ' '
  8.49 'a'
  9.24 ' '
 10.50 'a'
 11.25 ' '
 12.50 'a'
 13.25 ' '
 14.51 'a'
 15.26 ' '
 16.52 'a'
 17.27 ' '
 18.53 'a'
 19.28 ' '
 20.53 'a'
 21.28 ' '
 22.54 'a'
 23.29 ' '
 24.55 'a'
 25.30 ' '
 26.56 'a'
 27.31 ' '
 28.56 'a'
 29.31 ' '
 30.57 'a'
 31.32 ' '
 32.58 'a'
 33.33 ' '
 34.59 'a'
 35.34 ' '
 36.60 'a'
 37.35 ' '
 38.61 'a'
 39.36 ' '
 40.61 'a'
 41.36 ' '
 42.62 'a'
 43.37 ' '
 44.63 'a'
 45.38 ' '
 46.64 'a'
 47.39 ' '
 48.65 'a'
 49.40 ' '
 50.66 'a'
 51.41 ' '
 52.66 'a'
 53.41 ' '
 54.67 'a'
 55.42 ' '
 56.68 'a'
 57.43 ' '
 58.69 'a'
 59.44 ' '
 60.69 'a'
 61.44 ' '
 62.70 'a'
 63.45 ' '
 64.71 'a'
 65.46 ' '
 66.72 'a'
 67.47 ' '
 68.73 'a'
 69.48 ' '
 70.74 'a'
 71.49 ' '
 72.74 'a'
 73.50 ' '
 74.75 'a'
 75.50 ' '
 76.76 'a'
 77.51 ' '
 78.77 'a'
 79.52 ' '
 80.78 'a'
 81.53 ' '
 82.79 'a'
 83.54 ' '
 84.79 'a'
 85.54 ' '
 86.80 'a'
 87.55 ' '
 88.81 'a'
 89.56 ' '
 90.82 'a'
 91.57 ' '
 92.82 'a'
 93.58 ' '
